// Jest Snapshot v1, https://goo.gl/fbAQLP

exports[`Feature component it matches the snapshot 1`] = `
<div
  className="pagination-wrapper"
>
  <ul
    className="pagination-container"
  >
    <div
      className="pagination-number-block-wrapper"
    >
      <li
        className="pagination-block previousBtn"
        onClick={[Function]}
      >
        <svg
          height="24"
          viewBox="0 0 24 24"
          width="24"
          xmlns="http://www.w3.org/2000/svg"
        >
          <path
            d="M24 0v24H0V0h24z"
            fill="none"
            opacity=".87"
          />
          <path
            d="M17.7 15.89L13.82 12l3.89-3.89c.39-.39.39-1.02 0-1.41-.39-.39-1.02-.39-1.41 0l-4.59 4.59c-.39.39-.39 1.02 0 1.41l4.59 4.59c.39.39 1.02.39 1.41 0 .38-.38.38-1.02-.01-1.4zM7 6c.55 0 1 .45 1 1v10c0 .55-.45 1-1 1s-1-.45-1-1V7c0-.55.45-1 1-1z"
          />
        </svg>
      </li>
      <li
        className="pagination-block previousBtn"
        onClick={[Function]}
      >
        <svg
          height="24"
          viewBox="0 0 24 24"
          width="24"
          xmlns="http://www.w3.org/2000/svg"
        >
          <path
            d="M0 0h24v24H0V0z"
            fill="none"
          />
          <path
            d="M14.91 6.71c-.39-.39-1.02-.39-1.41 0L8.91 11.3c-.39.39-.39 1.02 0 1.41l4.59 4.59c.39.39 1.02.39 1.41 0 .39-.39.39-1.02 0-1.41L11.03 12l3.88-3.88c.38-.39.38-1.03 0-1.41z"
          />
        </svg>
      </li>
      <li
        className="pagination-block desktop page-number active"
      >
        <a
          className="num"
          onClick={[Function]}
        >
          1
        </a>
      </li>
      <li
        className="pagination-block desktop page-number "
      >
        <a
          className="num"
          onClick={[Function]}
        >
          2
        </a>
      </li>
      <li
        className="pagination-block desktop page-number "
      >
        <a
          className="num"
          onClick={[Function]}
        >
          3
        </a>
      </li>
      <li
        className="pagination-block desktop page-spread"
      >
        ...
      </li>
      <li
        className="pagination-block mobile page-number active"
      >
        <a
          className="num"
          onClick={[Function]}
        >
          1
        </a>
      </li>
      <li
        className="pagination-block mobile page-number "
      >
        <a
          className="num"
          onClick={[Function]}
        >
          2
        </a>
      </li>
      <li
        className="pagination-block mobile page-number "
      >
        <a
          className="num"
          onClick={[Function]}
        >
          3
        </a>
      </li>
      <li
        className="pagination-block mobile page-spread"
      >
        ...
      </li>
      <li
        className="pagination-block nextBtn"
        onClick={[Function]}
      >
        <svg
          height="24"
          viewBox="0 0 24 24"
          width="24"
          xmlns="http://www.w3.org/2000/svg"
        >
          <path
            d="M0 0h24v24H0V0z"
            fill="none"
          />
          <path
            d="M9.31 6.71c-.39.39-.39 1.02 0 1.41L13.19 12l-3.88 3.88c-.39.39-.39 1.02 0 1.41.39.39 1.02.39 1.41 0l4.59-4.59c.39-.39.39-1.02 0-1.41L10.72 6.7c-.38-.38-1.02-.38-1.41.01z"
          />
        </svg>
      </li>
      <li
        className="pagination-block previousBtn"
        onClick={[Function]}
      >
        <svg
          height="24"
          viewBox="0 0 24 24"
          width="24"
          xmlns="http://www.w3.org/2000/svg"
        >
          <path
            d="M0 0h24v24H0V0z"
            fill="none"
            opacity=".87"
          />
          <path
            d="M6.29 8.11L10.18 12l-3.89 3.89c-.39.39-.39 1.02 0 1.41.39.39 1.02.39 1.41 0l4.59-4.59c.39-.39.39-1.02 0-1.41L7.7 6.7c-.39-.39-1.02-.39-1.41 0-.38.39-.38 1.03 0 1.41zM17 6c.55 0 1 .45 1 1v10c0 .55-.45 1-1 1s-1-.45-1-1V7c0-.55.45-1 1-1z"
          />
        </svg>
      </li>
    </div>
    <li
      className="pagination-info pagination-meta"
    >
      <span>
        Total 
        5
         pages
      </span>
    </li>
  </ul>
  <div
    className="pagination-info pagination-meta mobile"
  >
    <div>
      <span
        className="pagination-info"
      >
        Total 
        5
         pages
      </span>
    </div>
  </div>
</div>
`;
