// Jest Snapshot v1, https://goo.gl/fbAQLP

exports[`Feature component it matches the snapshot 1`] = `
<div
  className="pagination-wrapper"
>
  <ul
    className="pagination-container"
  >
    <li
      className="pagination-block previousBtn"
      onClick={[Function]}
    >
      <svg
        height="24"
        viewBox="0 0 24 24"
        width="24"
        xmlns="http://www.w3.org/2000/svg"
      >
        <path
          d="M0 0h24v24H0V0z"
          fill="none"
        />
        <path
          d="M14.91 6.71c-.39-.39-1.02-.39-1.41 0L8.91 11.3c-.39.39-.39 1.02 0 1.41l4.59 4.59c.39.39 1.02.39 1.41 0 .39-.39.39-1.02 0-1.41L11.03 12l3.88-3.88c.38-.39.38-1.03 0-1.41z"
        />
      </svg>
    </li>
    <div>
      <div>
        <li
          className="pagination-block page-number active"
        >
          <a
            className="num"
            onClick={[Function]}
          >
            1
          </a>
        </li>
        <li
          className="pagination-block page-number "
        >
          <a
            className="num"
            onClick={[Function]}
          >
            2
          </a>
        </li>
        <li
          className="pagination-block page-number "
        >
          <a
            className="num"
            onClick={[Function]}
          >
            3
          </a>
        </li>
        <li
          className="pagination-block page-spread"
        >
          ...
        </li>
      </div>
    </div>
    <li
      className="pagination-block nextBtn"
      onClick={[Function]}
    >
      <svg
        height="24"
        viewBox="0 0 24 24"
        width="24"
        xmlns="http://www.w3.org/2000/svg"
      >
        <path
          d="M0 0h24v24H0V0z"
          fill="none"
        />
        <path
          d="M9.31 6.71c-.39.39-.39 1.02 0 1.41L13.19 12l-3.88 3.88c-.39.39-.39 1.02 0 1.41.39.39 1.02.39 1.41 0l4.59-4.59c.39-.39.39-1.02 0-1.41L10.72 6.7c-.38-.38-1.02-.38-1.41.01z"
        />
      </svg>
    </li>
    <li
      className="pagination-info"
    >
      <span>
        Total 
        5
         pages
      </span>
    </li>
  </ul>
</div>
`;
